// Jest Snapshot v1, https://goo.gl/fbAQLP

exports[`EventType Snapshot matchs 1`] = `
<div
  className="EventType makeStyles-root-1"
  data-testid="eventType"
>
  <div
    className="MuiPaper-root MuiAccordion-root Mui-expanded MuiAccordion-rounded MuiPaper-elevation1 MuiPaper-rounded"
  >
    <div
      aria-controls="panel1a-content"
      aria-disabled={false}
      aria-expanded={true}
      className="MuiButtonBase-root MuiAccordionSummary-root makeStyles-header-2 Mui-expanded"
      id="panel1a-header"
      onBlur={[Function]}
      onClick={[Function]}
      onDragLeave={[Function]}
      onFocus={[Function]}
      onKeyDown={[Function]}
      onKeyUp={[Function]}
      onMouseDown={[Function]}
      onMouseLeave={[Function]}
      onMouseUp={[Function]}
      onTouchEnd={[Function]}
      onTouchMove={[Function]}
      onTouchStart={[Function]}
      role="button"
      tabIndex={0}
    >
      <div
        className="MuiAccordionSummary-content Mui-expanded"
      >
        <p
          className="MuiTypography-root MuiTypography-body1"
        >
          test
        </p>
      </div>
      <div
        aria-disabled={false}
        aria-hidden={true}
        className="MuiButtonBase-root MuiIconButton-root MuiAccordionSummary-expandIcon Mui-expanded MuiIconButton-edgeEnd"
        onBlur={[Function]}
        onDragLeave={[Function]}
        onFocus={[Function]}
        onKeyDown={[Function]}
        onKeyUp={[Function]}
        onMouseDown={[Function]}
        onMouseLeave={[Function]}
        onMouseUp={[Function]}
        onTouchEnd={[Function]}
        onTouchMove={[Function]}
        onTouchStart={[Function]}
        role={null}
        tabIndex={null}
      >
        <span
          className="MuiIconButton-label"
        >
          <svg
            aria-hidden={true}
            className="MuiSvgIcon-root makeStyles-arrow-6 MuiSvgIcon-fontSizeSmall"
            focusable="false"
            viewBox="0 0 24 24"
          >
            <path
              d="M15.5 5H11l5 7-5 7h4.5l5-7z"
            />
            <path
              d="M8.5 5H4l5 7-5 7h4.5l5-7z"
            />
          </svg>
        </span>
      </div>
    </div>
    <div
      className="MuiCollapse-container MuiCollapse-entered"
      style={
        Object {
          "minHeight": "0px",
        }
      }
    >
      <div
        className="MuiCollapse-wrapper"
      >
        <div
          className="MuiCollapse-wrapperInner"
        >
          <div
            aria-labelledby="panel1a-header"
            id="panel1a-content"
            role="region"
          >
            <div
              className="MuiAccordionDetails-root makeStyles-details-5"
            >
              <div
                className="MuiPaper-root MuiTableContainer-root MuiPaper-elevation1 MuiPaper-rounded"
              >
                <table
                  aria-label="simple table"
                  className="MuiTable-root makeStyles-table-3"
                  role={null}
                >
                  <tbody
                    className="MuiTableBody-root"
                    role={null}
                  >
                    <tr
                      className="MuiTableRow-root makeStyles-row-4"
                      onClick={[Function]}
                      role={null}
                    >
                      <th
                        aria-sort={null}
                        className="MuiTableCell-root MuiTableCell-body"
                        role="cell"
                        scope="row"
                      >
                        1:16 PM
                      </th>
                      <td
                        aria-sort={null}
                        className="MuiTableCell-root MuiTableCell-body MuiTableCell-alignLeft"
                      />
                      <td
                        aria-sort={null}
                        className="MuiTableCell-root MuiTableCell-body MuiTableCell-alignRight"
                      >
                        <div
                          className="score makeStyles-root-7"
                          data-testid="scoreTag"
                        >
                          undefined-undefined
                        </div>
                      </td>
                    </tr>
                  </tbody>
                </table>
              </div>
            </div>
          </div>
        </div>
      </div>
    </div>
  </div>
</div>
`;
