// Jest Snapshot v1, https://goo.gl/fbAQLP

exports[`SelectionUnit Snapshot matchs 1`] = `
<div
  className="MuiBox-root MuiBox-root-5 makeStyles-selectionUnit-1"
  data-testid="selectionUnit"
>
  <div
    className="MuiGrid-root MuiGrid-container"
  >
    <div
      className="MuiGrid-root makeStyles-selectionHeader-2 MuiGrid-item MuiGrid-grid-sm-10"
    >
      undefined @ 
      <span
        style={
          Object {
            "color": "rgb(217,34,49)",
            "fontWeight": "400",
          }
        }
      />
    </div>
    <div
      className="MuiGrid-root makeStyles-crossIcon-4 MuiGrid-item MuiGrid-grid-sm-2"
    >
      <svg
        aria-hidden={true}
        className="MuiSvgIcon-root"
        focusable="false"
        onClick={[Function]}
        viewBox="0 0 24 24"
      >
        <path
          d="M19 6.41L17.59 5 12 10.59 6.41 5 5 6.41 10.59 12 5 17.59 6.41 19 12 13.41 17.59 19 19 17.59 13.41 12z"
        />
      </svg>
    </div>
    <div
      className="MuiGrid-root makeStyles-event-3 MuiGrid-item MuiGrid-grid-sm-12"
    >
      undefined - undefined
    </div>
  </div>
</div>
`;
